// Jest Snapshot v1, https://goo.gl/fbAQLP

exports[`<Icon> should matches snapshot 1`] = `
<svg
  className="IconStyle__VerticalCenteredSvg-sc-19ci3uf-0 dmBUgt"
  data-testid="icon-svg"
  fill="currentColor"
  height="1em"
  viewBox="0 0 100 100"
  width="1em"
>
  <path
    d="M100 56.563H56.562V100H43.438V56.562H0V43.438h43.438V0h13.124v43.438H100z"
  />
</svg>
`;
