// Jest Snapshot v1, https://goo.gl/fbAQLP

exports[`<Loading> should render as expected 1`] = `
<div
  aria-busy="true"
  aria-live="polite"
  className="LoadingStyle__LoadingContainer-fg2qx3-0 ioHJOi aries-loading"
  data-testid="alert"
  role="alert"
>
  <div
    className="LoadingStyle__Spinner-fg2qx3-1 fQRrhB"
  />
</div>
`;
