// Jest Snapshot v1, https://goo.gl/fbAQLP

exports[`<Badge> should render a label with the text "6" 1`] = `
<div
  className="aries-badge BadgeStyle__BadgeContainer-sc-1rr32yz-0 haqjCy"
  role="presentation"
>
  <span
    className="badge-content"
  >
    6
  </span>
</div>
`;
