// Jest Snapshot v1, https://goo.gl/fbAQLP

exports[`<Progress> should render 51% with a stroke color of #F5A623 1`] = `
<div
  aria-valuemax={100}
  aria-valuemin={0}
  aria-valuenow={51}
  className="ProgressStyle__ProgressContainer-sc-1fz52py-1 cNWIiW aries-progress"
  role="progressbar"
  size={1}
  tabIndex={0}
>
  <div
    className="ProgressStyle__ProgressContent-sc-1fz52py-0 kizadZ"
    size={1}
    tabIndex={-1}
  >
    <svg
      height="8em"
      viewBox="0 0 100 100"
      width="8em"
    >
      <circle
        cx="50"
        cy="50"
        fill="none"
        r="45"
        stroke="#AAAAAA"
        strokeWidth="8"
      />
      <circle
        aria-label="progress-circle-value"
        className="progress-circle-value"
        cx="50"
        cy="50"
        fill="none"
        r="45"
        stroke="#F5A623"
        strokeWidth="8"
      />
    </svg>
    <label
      aria-hidden="true"
      className="ProgressStyle__ProgressLabelWrapper-sc-1fz52py-2 jkmcgt"
    >
      <h1
        aria-label="percentage-completion"
        className="ProgressStyle__PercentageCompletion-sc-1fz52py-3 eILgds"
      >
        51%
      </h1>
      <p
        className="ProgressStyle__LabelText-sc-1fz52py-4 izBCNV"
      >
        COMPLETE
      </p>
    </label>
  </div>
</div>
`;
