// Jest Snapshot v1, https://goo.gl/fbAQLP

exports[`<Modal> should render with a title, content, footer and an onClick handler 1`] = `
<div
  className="aries-modal sc-bdVaJa aauuo"
  data-testid="modal-container"
  onClick={[Function]}
>
  <div
    className="modal-dialog sc-bwzfXH ghuPdm"
  >
    <div
      aria-modal="true"
      className="modal-content sc-htpNat lfPwe"
      onClick={[Function]}
      role="dialog"
      tabIndex={0}
    >
      <header
        className="modal-header sc-bxivhb yXCPR"
      >
        <h3>
          Modal Title
        </h3>
        <button
          data-testid="close-button"
          onClick={[Function]}
          type="button"
        >
          <svg
            fill="grey"
            height="1em"
            viewBox="0 0 100 100"
            width="1em"
          >
            <path
              d="M100 10L90 0 50 40 10 0 0 10l40 40L0 90l10 10 40-40 40 40 10-10-40-40z"
            />
          </svg>
        </button>
      </header>
      <section
        className="modal-body sc-ifAKCX cwNdkR"
      >
        <p>
          Modal Content
        </p>
      </section>
      <footer
        className="modal-footer sc-EHOje tLqWc"
      >
        <button>
          Modal Footer
        </button>
      </footer>
    </div>
  </div>
</div>
`;
