// Jest Snapshot v1, https://goo.gl/fbAQLP

exports[`<Checkbox> should render an input with id, value and onClick props and a label with the text Software Engineer 1`] = `
<div
  aria-checked={false}
  aria-labelledby="software-engineer"
  className="CheckboxStyle__CheckboxContainer-lmispl-0 jekiyq aries-checkbox"
  role="checkbox"
  size="small"
  tabIndex={0}
>
  <input
    className=""
    id="software-engineer"
    onClick={[Function]}
    type="checkbox"
    value="Software Engineer"
  />
  <label
    htmlFor="software-engineer"
    tabIndex={-1}
  >
    Software Engineer
  </label>
</div>
`;
